// Jest Snapshot v1, https://goo.gl/fbAQLP

exports[`Header Should renders Header component 1`] = `
<div>
  <header
    class="sc-hKFxyN htvvhm"
  >
    <div
      class="sc-iCoGMd ihqXQh"
    >
      <picture>
        <source
          media="(max-width: 576px)"
          srcset="mobile-icon.png"
        />
        <img
          alt="Pied Piper logo"
          class="sc-gKAaRy eWqJQX margin-x"
          src="logo-desktop.png"
        />
      </picture>
      <form
        class="margin-x"
      >
        <input
          class="sc-eCApnc dIlmAH"
          placeholder="Search"
          type="text"
        />
      </form>
    </div>
    <div
      class="sc-iCoGMd ihqXQh nav hide-mobile"
    >
      <div
        class="margin-x hide-mobile"
      >
        <label
          class="sc-bdnxRM fzaqfv switch"
          for="switch-dark-mode"
          role="switch"
        >
          <input
            class="sc-gtsrHT flAbm"
            id="switch-dark-mode"
            role="button"
            type="checkbox"
          />
          <span
            class="sc-dlnjwi dSfqLy"
          />
        </label>
      </div>
      <figure
        class="margin-x"
      >
        <img
          alt="current user avatar"
          class="sc-jSFjdj elchRP"
          src="undraw_female_avatar.svg"
        />
      </figure>
    </div>
  </header>
</div>
`;
