// Jest Snapshot v1, https://goo.gl/fbAQLP

exports[`Router should render properly App debe renderizarse 1`] = `
Object {
  "asFragment": [Function],
  "baseElement": <body>
    <div>
      <main
        class="container"
      >
        <div
          class="sc-gKAaRy bqsZUu"
        >
          <div
            class="sc-hKFxyN cJUXTL topnav"
            id="myTopnav"
          >
            <a
              class="sc-eCApnc eWvxQq active"
              href="#home"
            >
              Toggle
            </a>
            <div
              class="sc-bdnxRM jUBCCa topnav"
              id="myTopnav"
            >
              <input
                class="sc-gtsrHT gMzEpr"
                placeholder="buscar"
              />
              <button
                class="sc-dlnjwi dVkyC"
                name="buscar"
              >
                Buscar
              </button>
            </div>
            <a
              class="sc-eCApnc eWvxQq"
              href="#about"
            >
              Perfil
            </a>
          </div>
          <div
            class="sc-jrsJWt eMmXvW"
          >
            <div
              class="sc-iCoGMd eVzEmr"
            >
              <img
                alt="img"
                aria-label="Wizeline"
                height="200px"
                src="https://yt3.ggpht.com/ytc/AAUvwnighSReQlmHl_S_vSfvnWBAG5Cw4A0YxtE0tm5OpQ=s800-c-k-c0xffffffff-no-rj-mo"
                style="object-fit: cover;"
                width="100%"
              />
              <div
                style="padding: 10px;"
              >
                <h3
                  class="sc-fujyAs ggfuqZ"
                >
                  Wizeline
                </h3>
                <p
                  class="sc-pNWdM jcpzxM"
                >
                  Wizeline
                </p>
                <p
                  class="sc-pNWdM jcpzxM"
                >
                  Publicado el 
                  2014-09-27T01:39:18Z
                </p>
              </div>
            </div>
            <div
              class="sc-iCoGMd eVzEmr"
            >
              <img
                alt="img"
                aria-label="Video Tour | Welcome to Wizeline Guadalajara"
                height="200px"
                src="https://i.ytimg.com/vi/nmXMgqjQzls/hqdefault.jpg"
                style="object-fit: cover;"
                width="100%"
              />
              <div
                style="padding: 10px;"
              >
                <h3
                  class="sc-fujyAs ggfuqZ"
                >
                  Video Tour | Welcome to Wizeline Guadalajara
                </h3>
                <p
                  class="sc-pNWdM jcpzxM"
                >
                  Wizeline
                </p>
                <p
                  class="sc-pNWdM jcpzxM"
                >
                  Publicado el 
                  2019-09-30T23:54:32Z
                </p>
              </div>
            </div>
            <div
              class="sc-iCoGMd eVzEmr"
            >
              <img
                alt="img"
                aria-label="Wizeline Guadalajara | Bringing Silicon Valley to Mexico"
                height="200px"
                src="https://i.ytimg.com/vi/HYyRZiwBWc8/hqdefault.jpg"
                style="object-fit: cover;"
                width="100%"
              />
              <div
                style="padding: 10px;"
              >
                <h3
                  class="sc-fujyAs ggfuqZ"
                >
                  Wizeline Guadalajara | Bringing Silicon Valley to Mexico
                </h3>
                <p
                  class="sc-pNWdM jcpzxM"
                >
                  Wizeline
                </p>
                <p
                  class="sc-pNWdM jcpzxM"
                >
                  Publicado el 
                  2019-04-18T18:48:04Z
                </p>
              </div>
            </div>
            <div
              class="sc-iCoGMd eVzEmr"
            >
              <img
                alt="img"
                aria-label="Wizeline hace sentir a empleados como en casa"
                height="200px"
                src="https://i.ytimg.com/vi/Po3VwR_NNGk/hqdefault.jpg"
                style="object-fit: cover;"
                width="100%"
              />
              <div
                style="padding: 10px;"
              >
                <h3
                  class="sc-fujyAs ggfuqZ"
                >
                  Wizeline hace sentir a empleados como en casa
                </h3>
                <p
                  class="sc-pNWdM jcpzxM"
                >
                  El Economista TV
                </p>
                <p
                  class="sc-pNWdM jcpzxM"
                >
                  Publicado el 
                  2019-03-05T03:52:55Z
                </p>
              </div>
            </div>
            <div
              class="sc-iCoGMd eVzEmr"
            >
              <img
                alt="img"
                aria-label="We Are Wizeline"
                height="200px"
                src="https://i.ytimg.com/vi/7PtYNO6g7eI/hqdefault.jpg"
                style="object-fit: cover;"
                width="100%"
              />
              <div
                style="padding: 10px;"
              >
                <h3
                  class="sc-fujyAs ggfuqZ"
                >
                  We Are Wizeline
                </h3>
                <p
                  class="sc-pNWdM jcpzxM"
                >
                  Wizeline
                </p>
                <p
                  class="sc-pNWdM jcpzxM"
                >
                  Publicado el 
                  2019-04-12T20:00:45Z
                </p>
              </div>
            </div>
            <div
              class="sc-iCoGMd eVzEmr"
            >
              <img
                alt="img"
                aria-label="Wizeline Thrives in Mexico City"
                height="200px"
                src="https://i.ytimg.com/vi/YuW0CE_8i1I/hqdefault.jpg"
                style="object-fit: cover;"
                width="100%"
              />
              <div
                style="padding: 10px;"
              >
                <h3
                  class="sc-fujyAs ggfuqZ"
                >
                  Wizeline Thrives in Mexico City
                </h3>
                <p
                  class="sc-pNWdM jcpzxM"
                >
                  Wizeline
                </p>
                <p
                  class="sc-pNWdM jcpzxM"
                >
                  Publicado el 
                  2018-12-13T21:51:39Z
                </p>
              </div>
            </div>
            <div
              class="sc-iCoGMd eVzEmr"
            >
              <img
                alt="img"
                aria-label="Wizeline"
                height="200px"
                src="https://i.ytimg.com/vi/CHzlSGRvWPs/hqdefault.jpg"
                style="object-fit: cover;"
                width="100%"
              />
              <div
                style="padding: 10px;"
              >
                <h3
                  class="sc-fujyAs ggfuqZ"
                >
                  Wizeline
                </h3>
                <p
                  class="sc-pNWdM jcpzxM"
                >
                  Noticieros Televisa
                </p>
                <p
                  class="sc-pNWdM jcpzxM"
                >
                  Publicado el 
                  2017-03-08T22:41:43Z
                </p>
              </div>
            </div>
            <div
              class="sc-iCoGMd eVzEmr"
            >
              <img
                alt="img"
                aria-label="A Day in the Life of an Engineering Manager at Wizeline"
                height="200px"
                src="https://i.ytimg.com/vi/cjO2fJy8asM/hqdefault.jpg"
                style="object-fit: cover;"
                width="100%"
              />
              <div
                style="padding: 10px;"
              >
                <h3
                  class="sc-fujyAs ggfuqZ"
                >
                  A Day in the Life of an Engineering Manager at Wizeline
                </h3>
                <p
                  class="sc-pNWdM jcpzxM"
                >
                  Wizeline
                </p>
                <p
                  class="sc-pNWdM jcpzxM"
                >
                  Publicado el 
                  2018-09-25T17:45:19Z
                </p>
              </div>
            </div>
            <div
              class="sc-iCoGMd eVzEmr"
            >
              <img
                alt="img"
                aria-label="Wizeline Technical Writing Academy | Featuring Eduardo Ocejo"
                height="200px"
                src="https://i.ytimg.com/vi/zClI9OjgKXM/hqdefault.jpg"
                style="object-fit: cover;"
                width="100%"
              />
              <div
                style="padding: 10px;"
              >
                <h3
                  class="sc-fujyAs ggfuqZ"
                >
                  Wizeline Technical Writing Academy | Featuring Eduardo Ocejo
                </h3>
                <p
                  class="sc-pNWdM jcpzxM"
                >
                  Wizeline
                </p>
                <p
                  class="sc-pNWdM jcpzxM"
                >
                  Publicado el 
                  2020-04-24T20:22:17Z
                </p>
              </div>
            </div>
            <div
              class="sc-iCoGMd eVzEmr"
            >
              <img
                alt="img"
                aria-label="Silicon Valley en México"
                height="200px"
                src="https://i.ytimg.com/vi/8bz9R61oY5o/hqdefault.jpg"
                style="object-fit: cover;"
                width="100%"
              />
              <div
                style="padding: 10px;"
              >
                <h3
                  class="sc-fujyAs ggfuqZ"
                >
                  Silicon Valley en México
                </h3>
                <p
                  class="sc-pNWdM jcpzxM"
                >
                  Azteca Noticias
                </p>
                <p
                  class="sc-pNWdM jcpzxM"
                >
                  Publicado el 
                  2019-09-26T15:28:46Z
                </p>
              </div>
            </div>
            <div
              class="sc-iCoGMd eVzEmr"
            >
              <img
                alt="img"
                aria-label="Why Wizeline? featuring Juan Pablo Villa in Mexico City"
                height="200px"
                src="https://i.ytimg.com/vi/7dJFraOqcoQ/hqdefault.jpg"
                style="object-fit: cover;"
                width="100%"
              />
              <div
                style="padding: 10px;"
              >
                <h3
                  class="sc-fujyAs ggfuqZ"
                >
                  Why Wizeline? featuring Juan Pablo Villa in Mexico City
                </h3>
                <p
                  class="sc-pNWdM jcpzxM"
                >
                  Wizeline
                </p>
                <p
                  class="sc-pNWdM jcpzxM"
                >
                  Publicado el 
                  2019-07-02T17:40:20Z
                </p>
              </div>
            </div>
            <div
              class="sc-iCoGMd eVzEmr"
            >
              <img
                alt="img"
                aria-label="Wizeline&#39;s 2020 Year in Review"
                height="200px"
                src="https://i.ytimg.com/vi/w-Qwc_XJrWc/hqdefault.jpg"
                style="object-fit: cover;"
                width="100%"
              />
              <div
                style="padding: 10px;"
              >
                <h3
                  class="sc-fujyAs ggfuqZ"
                >
                  Wizeline&#39;s 2020 Year in Review
                </h3>
                <p
                  class="sc-pNWdM jcpzxM"
                >
                  Wizeline
                </p>
                <p
                  class="sc-pNWdM jcpzxM"
                >
                  Publicado el 
                  2020-12-31T16:26:44Z
                </p>
              </div>
            </div>
            <div
              class="sc-iCoGMd eVzEmr"
            >
              <img
                alt="img"
                aria-label="Why Wizeline? featuring Hugo Lopez in Mexico City"
                height="200px"
                src="https://i.ytimg.com/vi/rjir_cHTl5w/hqdefault.jpg"
                style="object-fit: cover;"
                width="100%"
              />
              <div
                style="padding: 10px;"
              >
                <h3
                  class="sc-fujyAs ggfuqZ"
                >
                  Why Wizeline? featuring Hugo Lopez in Mexico City
                </h3>
                <p
                  class="sc-pNWdM jcpzxM"
                >
                  Wizeline
                </p>
                <p
                  class="sc-pNWdM jcpzxM"
                >
                  Publicado el 
                  2019-04-29T20:37:26Z
                </p>
              </div>
            </div>
            <div
              class="sc-iCoGMd eVzEmr"
            >
              <img
                alt="img"
                aria-label="Why Wizeline? (We&#39;re Hiring in Mexico!)"
                height="200px"
                src="https://i.ytimg.com/vi/DcFK1x3NHGY/hqdefault.jpg"
                style="object-fit: cover;"
                width="100%"
              />
              <div
                style="padding: 10px;"
              >
                <h3
                  class="sc-fujyAs ggfuqZ"
                >
                  Why Wizeline? (We&#39;re Hiring in Mexico!)
                </h3>
                <p
                  class="sc-pNWdM jcpzxM"
                >
                  Wizeline
                </p>
                <p
                  class="sc-pNWdM jcpzxM"
                >
                  Publicado el 
                  2016-09-01T18:02:11Z
                </p>
              </div>
            </div>
            <div
              class="sc-iCoGMd eVzEmr"
            >
              <img
                alt="img"
                aria-label="Why Wizeline? featuring Oswaldo Herrera in Mexico City"
                height="200px"
                src="https://i.ytimg.com/vi/3BzYWAqZgFw/hqdefault.jpg"
                style="object-fit: cover;"
                width="100%"
              />
              <div
                style="padding: 10px;"
              >
                <h3
                  class="sc-fujyAs ggfuqZ"
                >
                  Why Wizeline? featuring Oswaldo Herrera in Mexico City
                </h3>
                <p
                  class="sc-pNWdM jcpzxM"
                >
                  Wizeline
                </p>
                <p
                  class="sc-pNWdM jcpzxM"
                >
                  Publicado el 
                  2019-07-02T17:45:28Z
                </p>
              </div>
            </div>
            <div
              class="sc-iCoGMd eVzEmr"
            >
              <img
                alt="img"
                aria-label="Caso de Éxito AWS: Wizeline [Spanish]"
                height="200px"
                src="https://i.ytimg.com/vi/3KVFmT-Tp2w/hqdefault.jpg"
                style="object-fit: cover;"
                width="100%"
              />
              <div
                style="padding: 10px;"
              >
                <h3
                  class="sc-fujyAs ggfuqZ"
                >
                  Caso de Éxito AWS: Wizeline [Spanish]
                </h3>
                <p
                  class="sc-pNWdM jcpzxM"
                >
                  Amazon Web Services
                </p>
                <p
                  class="sc-pNWdM jcpzxM"
                >
                  Publicado el 
                  2019-02-11T17:55:19Z
                </p>
              </div>
            </div>
            <div
              class="sc-iCoGMd eVzEmr"
            >
              <img
                alt="img"
                aria-label="Wizeline&#39;s 2019 Year in Review"
                height="200px"
                src="https://i.ytimg.com/vi/aKuPmY2m1Ro/hqdefault.jpg"
                style="object-fit: cover;"
                width="100%"
              />
              <div
                style="padding: 10px;"
              >
                <h3
                  class="sc-fujyAs ggfuqZ"
                >
                  Wizeline&#39;s 2019 Year in Review
                </h3>
                <p
                  class="sc-pNWdM jcpzxM"
                >
                  Wizeline
                </p>
                <p
                  class="sc-pNWdM jcpzxM"
                >
                  Publicado el 
                  2019-12-27T20:47:29Z
                </p>
              </div>
            </div>
            <div
              class="sc-iCoGMd eVzEmr"
            >
              <img
                alt="img"
                aria-label="[1 of 2] Wizeline CEO shares career lessons from Google"
                height="200px"
                src="https://i.ytimg.com/vi/24sTHUyWhRM/hqdefault.jpg"
                style="object-fit: cover;"
                width="100%"
              />
              <div
                style="padding: 10px;"
              >
                <h3
                  class="sc-fujyAs ggfuqZ"
                >
                  [1 of 2] Wizeline CEO shares career lessons from Google
                </h3>
                <p
                  class="sc-pNWdM jcpzxM"
                >
                  Wizeline
                </p>
                <p
                  class="sc-pNWdM jcpzxM"
                >
                  Publicado el 
                  2016-10-05T00:03:32Z
                </p>
              </div>
            </div>
            <div
              class="sc-iCoGMd eVzEmr"
            >
              <img
                alt="img"
                aria-label="Wizeline Data Engineering featuring Tania Reyes"
                height="200px"
                src="https://i.ytimg.com/vi/IxGc1gSqB3A/hqdefault.jpg"
                style="object-fit: cover;"
                width="100%"
              />
              <div
                style="padding: 10px;"
              >
                <h3
                  class="sc-fujyAs ggfuqZ"
                >
                  Wizeline Data Engineering featuring Tania Reyes
                </h3>
                <p
                  class="sc-pNWdM jcpzxM"
                >
                  Wizeline
                </p>
                <p
                  class="sc-pNWdM jcpzxM"
                >
                  Publicado el 
                  2021-02-04T17:45:11Z
                </p>
              </div>
            </div>
            <div
              class="sc-iCoGMd eVzEmr"
            >
              <img
                alt="img"
                aria-label="Wizeline Querétaro | Mexico&#39;s New Knowledge Economy (We&#39;re hiring!)"
                height="200px"
                src="https://i.ytimg.com/vi/NP1gAnbeNno/hqdefault.jpg"
                style="object-fit: cover;"
                width="100%"
              />
              <div
                style="padding: 10px;"
              >
                <h3
                  class="sc-fujyAs ggfuqZ"
                >
                  Wizeline Querétaro | Mexico&#39;s New Knowledge Economy (We&#39;re hiring!)
                </h3>
                <p
                  class="sc-pNWdM jcpzxM"
                >
                  Wizeline
                </p>
                <p
                  class="sc-pNWdM jcpzxM"
                >
                  Publicado el 
                  2019-11-12T20:45:18Z
                </p>
              </div>
            </div>
            <div
              class="sc-iCoGMd eVzEmr"
            >
              <img
                alt="img"
                aria-label="Miriam Godinez | Women in Leadership at Wizeline"
                height="200px"
                src="https://i.ytimg.com/vi/F6Krwu6lUc8/hqdefault.jpg"
                style="object-fit: cover;"
                width="100%"
              />
              <div
                style="padding: 10px;"
              >
                <h3
                  class="sc-fujyAs ggfuqZ"
                >
                  Miriam Godinez | Women in Leadership at Wizeline
                </h3>
                <p
                  class="sc-pNWdM jcpzxM"
                >
                  Wizeline
                </p>
                <p
                  class="sc-pNWdM jcpzxM"
                >
                  Publicado el 
                  2020-10-23T04:15:31Z
                </p>
              </div>
            </div>
            <div
              class="sc-iCoGMd eVzEmr"
            >
              <img
                alt="img"
                aria-label="Welcome Back to Wizeline Vietnam | Extended Version"
                height="200px"
                src="https://i.ytimg.com/vi/RFq7gfvhtCk/hqdefault.jpg"
                style="object-fit: cover;"
                width="100%"
              />
              <div
                style="padding: 10px;"
              >
                <h3
                  class="sc-fujyAs ggfuqZ"
                >
                  Welcome Back to Wizeline Vietnam | Extended Version
                </h3>
                <p
                  class="sc-pNWdM jcpzxM"
                >
                  Wizeline
                </p>
                <p
                  class="sc-pNWdM jcpzxM"
                >
                  Publicado el 
                  2020-05-23T00:11:23Z
                </p>
              </div>
            </div>
            <div
              class="sc-iCoGMd eVzEmr"
            >
              <img
                alt="img"
                aria-label="How does Wizeline work?"
                height="200px"
                src="https://i.ytimg.com/vi/E1Vq_A3WKK8/hqdefault.jpg"
                style="object-fit: cover;"
                width="100%"
              />
              <div
                style="padding: 10px;"
              >
                <h3
                  class="sc-fujyAs ggfuqZ"
                >
                  How does Wizeline work?
                </h3>
                <p
                  class="sc-pNWdM jcpzxM"
                >
                  Wizeline
                </p>
                <p
                  class="sc-pNWdM jcpzxM"
                >
                  Publicado el 
                  2017-12-09T18:46:07Z
                </p>
              </div>
            </div>
            <div
              class="sc-iCoGMd eVzEmr"
            >
              <img
                alt="img"
                aria-label="12 Wishes from Wizeline | Happy Holidays 2019"
                height="200px"
                src="https://i.ytimg.com/vi/ZmkslANDz0Q/hqdefault.jpg"
                style="object-fit: cover;"
                width="100%"
              />
              <div
                style="padding: 10px;"
              >
                <h3
                  class="sc-fujyAs ggfuqZ"
                >
                  12 Wishes from Wizeline | Happy Holidays 2019
                </h3>
                <p
                  class="sc-pNWdM jcpzxM"
                >
                  Wizeline
                </p>
                <p
                  class="sc-pNWdM jcpzxM"
                >
                  Publicado el 
                  2019-12-18T19:22:44Z
                </p>
              </div>
            </div>
            <div
              class="sc-iCoGMd eVzEmr"
            >
              <img
                alt="img"
                aria-label="Why Wizeline?"
                height="200px"
                src="https://i.ytimg.com/vi/Nss3EmTDD3s/hqdefault.jpg"
                style="object-fit: cover;"
                width="100%"
              />
              <div
                style="padding: 10px;"
              >
                <h3
                  class="sc-fujyAs ggfuqZ"
                >
                  Why Wizeline?
                </h3>
                <p
                  class="sc-pNWdM jcpzxM"
                >
                  Wizeline
                </p>
                <p
                  class="sc-pNWdM jcpzxM"
                >
                  Publicado el 
                  2017-12-08T18:13:27Z
                </p>
              </div>
            </div>
          </div>
        </div>
      </main>
    </div>
  </body>,
  "container": <div>
    <main
      class="container"
    >
      <div
        class="sc-gKAaRy bqsZUu"
      >
        <div
          class="sc-hKFxyN cJUXTL topnav"
          id="myTopnav"
        >
          <a
            class="sc-eCApnc eWvxQq active"
            href="#home"
          >
            Toggle
          </a>
          <div
            class="sc-bdnxRM jUBCCa topnav"
            id="myTopnav"
          >
            <input
              class="sc-gtsrHT gMzEpr"
              placeholder="buscar"
            />
            <button
              class="sc-dlnjwi dVkyC"
              name="buscar"
            >
              Buscar
            </button>
          </div>
          <a
            class="sc-eCApnc eWvxQq"
            href="#about"
          >
            Perfil
          </a>
        </div>
        <div
          class="sc-jrsJWt eMmXvW"
        >
          <div
            class="sc-iCoGMd eVzEmr"
          >
            <img
              alt="img"
              aria-label="Wizeline"
              height="200px"
              src="https://yt3.ggpht.com/ytc/AAUvwnighSReQlmHl_S_vSfvnWBAG5Cw4A0YxtE0tm5OpQ=s800-c-k-c0xffffffff-no-rj-mo"
              style="object-fit: cover;"
              width="100%"
            />
            <div
              style="padding: 10px;"
            >
              <h3
                class="sc-fujyAs ggfuqZ"
              >
                Wizeline
              </h3>
              <p
                class="sc-pNWdM jcpzxM"
              >
                Wizeline
              </p>
              <p
                class="sc-pNWdM jcpzxM"
              >
                Publicado el 
                2014-09-27T01:39:18Z
              </p>
            </div>
          </div>
          <div
            class="sc-iCoGMd eVzEmr"
          >
            <img
              alt="img"
              aria-label="Video Tour | Welcome to Wizeline Guadalajara"
              height="200px"
              src="https://i.ytimg.com/vi/nmXMgqjQzls/hqdefault.jpg"
              style="object-fit: cover;"
              width="100%"
            />
            <div
              style="padding: 10px;"
            >
              <h3
                class="sc-fujyAs ggfuqZ"
              >
                Video Tour | Welcome to Wizeline Guadalajara
              </h3>
              <p
                class="sc-pNWdM jcpzxM"
              >
                Wizeline
              </p>
              <p
                class="sc-pNWdM jcpzxM"
              >
                Publicado el 
                2019-09-30T23:54:32Z
              </p>
            </div>
          </div>
          <div
            class="sc-iCoGMd eVzEmr"
          >
            <img
              alt="img"
              aria-label="Wizeline Guadalajara | Bringing Silicon Valley to Mexico"
              height="200px"
              src="https://i.ytimg.com/vi/HYyRZiwBWc8/hqdefault.jpg"
              style="object-fit: cover;"
              width="100%"
            />
            <div
              style="padding: 10px;"
            >
              <h3
                class="sc-fujyAs ggfuqZ"
              >
                Wizeline Guadalajara | Bringing Silicon Valley to Mexico
              </h3>
              <p
                class="sc-pNWdM jcpzxM"
              >
                Wizeline
              </p>
              <p
                class="sc-pNWdM jcpzxM"
              >
                Publicado el 
                2019-04-18T18:48:04Z
              </p>
            </div>
          </div>
          <div
            class="sc-iCoGMd eVzEmr"
          >
            <img
              alt="img"
              aria-label="Wizeline hace sentir a empleados como en casa"
              height="200px"
              src="https://i.ytimg.com/vi/Po3VwR_NNGk/hqdefault.jpg"
              style="object-fit: cover;"
              width="100%"
            />
            <div
              style="padding: 10px;"
            >
              <h3
                class="sc-fujyAs ggfuqZ"
              >
                Wizeline hace sentir a empleados como en casa
              </h3>
              <p
                class="sc-pNWdM jcpzxM"
              >
                El Economista TV
              </p>
              <p
                class="sc-pNWdM jcpzxM"
              >
                Publicado el 
                2019-03-05T03:52:55Z
              </p>
            </div>
          </div>
          <div
            class="sc-iCoGMd eVzEmr"
          >
            <img
              alt="img"
              aria-label="We Are Wizeline"
              height="200px"
              src="https://i.ytimg.com/vi/7PtYNO6g7eI/hqdefault.jpg"
              style="object-fit: cover;"
              width="100%"
            />
            <div
              style="padding: 10px;"
            >
              <h3
                class="sc-fujyAs ggfuqZ"
              >
                We Are Wizeline
              </h3>
              <p
                class="sc-pNWdM jcpzxM"
              >
                Wizeline
              </p>
              <p
                class="sc-pNWdM jcpzxM"
              >
                Publicado el 
                2019-04-12T20:00:45Z
              </p>
            </div>
          </div>
          <div
            class="sc-iCoGMd eVzEmr"
          >
            <img
              alt="img"
              aria-label="Wizeline Thrives in Mexico City"
              height="200px"
              src="https://i.ytimg.com/vi/YuW0CE_8i1I/hqdefault.jpg"
              style="object-fit: cover;"
              width="100%"
            />
            <div
              style="padding: 10px;"
            >
              <h3
                class="sc-fujyAs ggfuqZ"
              >
                Wizeline Thrives in Mexico City
              </h3>
              <p
                class="sc-pNWdM jcpzxM"
              >
                Wizeline
              </p>
              <p
                class="sc-pNWdM jcpzxM"
              >
                Publicado el 
                2018-12-13T21:51:39Z
              </p>
            </div>
          </div>
          <div
            class="sc-iCoGMd eVzEmr"
          >
            <img
              alt="img"
              aria-label="Wizeline"
              height="200px"
              src="https://i.ytimg.com/vi/CHzlSGRvWPs/hqdefault.jpg"
              style="object-fit: cover;"
              width="100%"
            />
            <div
              style="padding: 10px;"
            >
              <h3
                class="sc-fujyAs ggfuqZ"
              >
                Wizeline
              </h3>
              <p
                class="sc-pNWdM jcpzxM"
              >
                Noticieros Televisa
              </p>
              <p
                class="sc-pNWdM jcpzxM"
              >
                Publicado el 
                2017-03-08T22:41:43Z
              </p>
            </div>
          </div>
          <div
            class="sc-iCoGMd eVzEmr"
          >
            <img
              alt="img"
              aria-label="A Day in the Life of an Engineering Manager at Wizeline"
              height="200px"
              src="https://i.ytimg.com/vi/cjO2fJy8asM/hqdefault.jpg"
              style="object-fit: cover;"
              width="100%"
            />
            <div
              style="padding: 10px;"
            >
              <h3
                class="sc-fujyAs ggfuqZ"
              >
                A Day in the Life of an Engineering Manager at Wizeline
              </h3>
              <p
                class="sc-pNWdM jcpzxM"
              >
                Wizeline
              </p>
              <p
                class="sc-pNWdM jcpzxM"
              >
                Publicado el 
                2018-09-25T17:45:19Z
              </p>
            </div>
          </div>
          <div
            class="sc-iCoGMd eVzEmr"
          >
            <img
              alt="img"
              aria-label="Wizeline Technical Writing Academy | Featuring Eduardo Ocejo"
              height="200px"
              src="https://i.ytimg.com/vi/zClI9OjgKXM/hqdefault.jpg"
              style="object-fit: cover;"
              width="100%"
            />
            <div
              style="padding: 10px;"
            >
              <h3
                class="sc-fujyAs ggfuqZ"
              >
                Wizeline Technical Writing Academy | Featuring Eduardo Ocejo
              </h3>
              <p
                class="sc-pNWdM jcpzxM"
              >
                Wizeline
              </p>
              <p
                class="sc-pNWdM jcpzxM"
              >
                Publicado el 
                2020-04-24T20:22:17Z
              </p>
            </div>
          </div>
          <div
            class="sc-iCoGMd eVzEmr"
          >
            <img
              alt="img"
              aria-label="Silicon Valley en México"
              height="200px"
              src="https://i.ytimg.com/vi/8bz9R61oY5o/hqdefault.jpg"
              style="object-fit: cover;"
              width="100%"
            />
            <div
              style="padding: 10px;"
            >
              <h3
                class="sc-fujyAs ggfuqZ"
              >
                Silicon Valley en México
              </h3>
              <p
                class="sc-pNWdM jcpzxM"
              >
                Azteca Noticias
              </p>
              <p
                class="sc-pNWdM jcpzxM"
              >
                Publicado el 
                2019-09-26T15:28:46Z
              </p>
            </div>
          </div>
          <div
            class="sc-iCoGMd eVzEmr"
          >
            <img
              alt="img"
              aria-label="Why Wizeline? featuring Juan Pablo Villa in Mexico City"
              height="200px"
              src="https://i.ytimg.com/vi/7dJFraOqcoQ/hqdefault.jpg"
              style="object-fit: cover;"
              width="100%"
            />
            <div
              style="padding: 10px;"
            >
              <h3
                class="sc-fujyAs ggfuqZ"
              >
                Why Wizeline? featuring Juan Pablo Villa in Mexico City
              </h3>
              <p
                class="sc-pNWdM jcpzxM"
              >
                Wizeline
              </p>
              <p
                class="sc-pNWdM jcpzxM"
              >
                Publicado el 
                2019-07-02T17:40:20Z
              </p>
            </div>
          </div>
          <div
            class="sc-iCoGMd eVzEmr"
          >
            <img
              alt="img"
              aria-label="Wizeline&#39;s 2020 Year in Review"
              height="200px"
              src="https://i.ytimg.com/vi/w-Qwc_XJrWc/hqdefault.jpg"
              style="object-fit: cover;"
              width="100%"
            />
            <div
              style="padding: 10px;"
            >
              <h3
                class="sc-fujyAs ggfuqZ"
              >
                Wizeline&#39;s 2020 Year in Review
              </h3>
              <p
                class="sc-pNWdM jcpzxM"
              >
                Wizeline
              </p>
              <p
                class="sc-pNWdM jcpzxM"
              >
                Publicado el 
                2020-12-31T16:26:44Z
              </p>
            </div>
          </div>
          <div
            class="sc-iCoGMd eVzEmr"
          >
            <img
              alt="img"
              aria-label="Why Wizeline? featuring Hugo Lopez in Mexico City"
              height="200px"
              src="https://i.ytimg.com/vi/rjir_cHTl5w/hqdefault.jpg"
              style="object-fit: cover;"
              width="100%"
            />
            <div
              style="padding: 10px;"
            >
              <h3
                class="sc-fujyAs ggfuqZ"
              >
                Why Wizeline? featuring Hugo Lopez in Mexico City
              </h3>
              <p
                class="sc-pNWdM jcpzxM"
              >
                Wizeline
              </p>
              <p
                class="sc-pNWdM jcpzxM"
              >
                Publicado el 
                2019-04-29T20:37:26Z
              </p>
            </div>
          </div>
          <div
            class="sc-iCoGMd eVzEmr"
          >
            <img
              alt="img"
              aria-label="Why Wizeline? (We&#39;re Hiring in Mexico!)"
              height="200px"
              src="https://i.ytimg.com/vi/DcFK1x3NHGY/hqdefault.jpg"
              style="object-fit: cover;"
              width="100%"
            />
            <div
              style="padding: 10px;"
            >
              <h3
                class="sc-fujyAs ggfuqZ"
              >
                Why Wizeline? (We&#39;re Hiring in Mexico!)
              </h3>
              <p
                class="sc-pNWdM jcpzxM"
              >
                Wizeline
              </p>
              <p
                class="sc-pNWdM jcpzxM"
              >
                Publicado el 
                2016-09-01T18:02:11Z
              </p>
            </div>
          </div>
          <div
            class="sc-iCoGMd eVzEmr"
          >
            <img
              alt="img"
              aria-label="Why Wizeline? featuring Oswaldo Herrera in Mexico City"
              height="200px"
              src="https://i.ytimg.com/vi/3BzYWAqZgFw/hqdefault.jpg"
              style="object-fit: cover;"
              width="100%"
            />
            <div
              style="padding: 10px;"
            >
              <h3
                class="sc-fujyAs ggfuqZ"
              >
                Why Wizeline? featuring Oswaldo Herrera in Mexico City
              </h3>
              <p
                class="sc-pNWdM jcpzxM"
              >
                Wizeline
              </p>
              <p
                class="sc-pNWdM jcpzxM"
              >
                Publicado el 
                2019-07-02T17:45:28Z
              </p>
            </div>
          </div>
          <div
            class="sc-iCoGMd eVzEmr"
          >
            <img
              alt="img"
              aria-label="Caso de Éxito AWS: Wizeline [Spanish]"
              height="200px"
              src="https://i.ytimg.com/vi/3KVFmT-Tp2w/hqdefault.jpg"
              style="object-fit: cover;"
              width="100%"
            />
            <div
              style="padding: 10px;"
            >
              <h3
                class="sc-fujyAs ggfuqZ"
              >
                Caso de Éxito AWS: Wizeline [Spanish]
              </h3>
              <p
                class="sc-pNWdM jcpzxM"
              >
                Amazon Web Services
              </p>
              <p
                class="sc-pNWdM jcpzxM"
              >
                Publicado el 
                2019-02-11T17:55:19Z
              </p>
            </div>
          </div>
          <div
            class="sc-iCoGMd eVzEmr"
          >
            <img
              alt="img"
              aria-label="Wizeline&#39;s 2019 Year in Review"
              height="200px"
              src="https://i.ytimg.com/vi/aKuPmY2m1Ro/hqdefault.jpg"
              style="object-fit: cover;"
              width="100%"
            />
            <div
              style="padding: 10px;"
            >
              <h3
                class="sc-fujyAs ggfuqZ"
              >
                Wizeline&#39;s 2019 Year in Review
              </h3>
              <p
                class="sc-pNWdM jcpzxM"
              >
                Wizeline
              </p>
              <p
                class="sc-pNWdM jcpzxM"
              >
                Publicado el 
                2019-12-27T20:47:29Z
              </p>
            </div>
          </div>
          <div
            class="sc-iCoGMd eVzEmr"
          >
            <img
              alt="img"
              aria-label="[1 of 2] Wizeline CEO shares career lessons from Google"
              height="200px"
              src="https://i.ytimg.com/vi/24sTHUyWhRM/hqdefault.jpg"
              style="object-fit: cover;"
              width="100%"
            />
            <div
              style="padding: 10px;"
            >
              <h3
                class="sc-fujyAs ggfuqZ"
              >
                [1 of 2] Wizeline CEO shares career lessons from Google
              </h3>
              <p
                class="sc-pNWdM jcpzxM"
              >
                Wizeline
              </p>
              <p
                class="sc-pNWdM jcpzxM"
              >
                Publicado el 
                2016-10-05T00:03:32Z
              </p>
            </div>
          </div>
          <div
            class="sc-iCoGMd eVzEmr"
          >
            <img
              alt="img"
              aria-label="Wizeline Data Engineering featuring Tania Reyes"
              height="200px"
              src="https://i.ytimg.com/vi/IxGc1gSqB3A/hqdefault.jpg"
              style="object-fit: cover;"
              width="100%"
            />
            <div
              style="padding: 10px;"
            >
              <h3
                class="sc-fujyAs ggfuqZ"
              >
                Wizeline Data Engineering featuring Tania Reyes
              </h3>
              <p
                class="sc-pNWdM jcpzxM"
              >
                Wizeline
              </p>
              <p
                class="sc-pNWdM jcpzxM"
              >
                Publicado el 
                2021-02-04T17:45:11Z
              </p>
            </div>
          </div>
          <div
            class="sc-iCoGMd eVzEmr"
          >
            <img
              alt="img"
              aria-label="Wizeline Querétaro | Mexico&#39;s New Knowledge Economy (We&#39;re hiring!)"
              height="200px"
              src="https://i.ytimg.com/vi/NP1gAnbeNno/hqdefault.jpg"
              style="object-fit: cover;"
              width="100%"
            />
            <div
              style="padding: 10px;"
            >
              <h3
                class="sc-fujyAs ggfuqZ"
              >
                Wizeline Querétaro | Mexico&#39;s New Knowledge Economy (We&#39;re hiring!)
              </h3>
              <p
                class="sc-pNWdM jcpzxM"
              >
                Wizeline
              </p>
              <p
                class="sc-pNWdM jcpzxM"
              >
                Publicado el 
                2019-11-12T20:45:18Z
              </p>
            </div>
          </div>
          <div
            class="sc-iCoGMd eVzEmr"
          >
            <img
              alt="img"
              aria-label="Miriam Godinez | Women in Leadership at Wizeline"
              height="200px"
              src="https://i.ytimg.com/vi/F6Krwu6lUc8/hqdefault.jpg"
              style="object-fit: cover;"
              width="100%"
            />
            <div
              style="padding: 10px;"
            >
              <h3
                class="sc-fujyAs ggfuqZ"
              >
                Miriam Godinez | Women in Leadership at Wizeline
              </h3>
              <p
                class="sc-pNWdM jcpzxM"
              >
                Wizeline
              </p>
              <p
                class="sc-pNWdM jcpzxM"
              >
                Publicado el 
                2020-10-23T04:15:31Z
              </p>
            </div>
          </div>
          <div
            class="sc-iCoGMd eVzEmr"
          >
            <img
              alt="img"
              aria-label="Welcome Back to Wizeline Vietnam | Extended Version"
              height="200px"
              src="https://i.ytimg.com/vi/RFq7gfvhtCk/hqdefault.jpg"
              style="object-fit: cover;"
              width="100%"
            />
            <div
              style="padding: 10px;"
            >
              <h3
                class="sc-fujyAs ggfuqZ"
              >
                Welcome Back to Wizeline Vietnam | Extended Version
              </h3>
              <p
                class="sc-pNWdM jcpzxM"
              >
                Wizeline
              </p>
              <p
                class="sc-pNWdM jcpzxM"
              >
                Publicado el 
                2020-05-23T00:11:23Z
              </p>
            </div>
          </div>
          <div
            class="sc-iCoGMd eVzEmr"
          >
            <img
              alt="img"
              aria-label="How does Wizeline work?"
              height="200px"
              src="https://i.ytimg.com/vi/E1Vq_A3WKK8/hqdefault.jpg"
              style="object-fit: cover;"
              width="100%"
            />
            <div
              style="padding: 10px;"
            >
              <h3
                class="sc-fujyAs ggfuqZ"
              >
                How does Wizeline work?
              </h3>
              <p
                class="sc-pNWdM jcpzxM"
              >
                Wizeline
              </p>
              <p
                class="sc-pNWdM jcpzxM"
              >
                Publicado el 
                2017-12-09T18:46:07Z
              </p>
            </div>
          </div>
          <div
            class="sc-iCoGMd eVzEmr"
          >
            <img
              alt="img"
              aria-label="12 Wishes from Wizeline | Happy Holidays 2019"
              height="200px"
              src="https://i.ytimg.com/vi/ZmkslANDz0Q/hqdefault.jpg"
              style="object-fit: cover;"
              width="100%"
            />
            <div
              style="padding: 10px;"
            >
              <h3
                class="sc-fujyAs ggfuqZ"
              >
                12 Wishes from Wizeline | Happy Holidays 2019
              </h3>
              <p
                class="sc-pNWdM jcpzxM"
              >
                Wizeline
              </p>
              <p
                class="sc-pNWdM jcpzxM"
              >
                Publicado el 
                2019-12-18T19:22:44Z
              </p>
            </div>
          </div>
          <div
            class="sc-iCoGMd eVzEmr"
          >
            <img
              alt="img"
              aria-label="Why Wizeline?"
              height="200px"
              src="https://i.ytimg.com/vi/Nss3EmTDD3s/hqdefault.jpg"
              style="object-fit: cover;"
              width="100%"
            />
            <div
              style="padding: 10px;"
            >
              <h3
                class="sc-fujyAs ggfuqZ"
              >
                Why Wizeline?
              </h3>
              <p
                class="sc-pNWdM jcpzxM"
              >
                Wizeline
              </p>
              <p
                class="sc-pNWdM jcpzxM"
              >
                Publicado el 
                2017-12-08T18:13:27Z
              </p>
            </div>
          </div>
        </div>
      </div>
    </main>
  </div>,
  "debug": [Function],
  "findAllByAltText": [Function],
  "findAllByDisplayValue": [Function],
  "findAllByLabelText": [Function],
  "findAllByPlaceholderText": [Function],
  "findAllByRole": [Function],
  "findAllByTestId": [Function],
  "findAllByText": [Function],
  "findAllByTitle": [Function],
  "findByAltText": [Function],
  "findByDisplayValue": [Function],
  "findByLabelText": [Function],
  "findByPlaceholderText": [Function],
  "findByRole": [Function],
  "findByTestId": [Function],
  "findByText": [Function],
  "findByTitle": [Function],
  "getAllByAltText": [Function],
  "getAllByDisplayValue": [Function],
  "getAllByLabelText": [Function],
  "getAllByPlaceholderText": [Function],
  "getAllByRole": [Function],
  "getAllByTestId": [Function],
  "getAllByText": [Function],
  "getAllByTitle": [Function],
  "getByAltText": [Function],
  "getByDisplayValue": [Function],
  "getByLabelText": [Function],
  "getByPlaceholderText": [Function],
  "getByRole": [Function],
  "getByTestId": [Function],
  "getByText": [Function],
  "getByTitle": [Function],
  "queryAllByAltText": [Function],
  "queryAllByDisplayValue": [Function],
  "queryAllByLabelText": [Function],
  "queryAllByPlaceholderText": [Function],
  "queryAllByRole": [Function],
  "queryAllByTestId": [Function],
  "queryAllByText": [Function],
  "queryAllByTitle": [Function],
  "queryByAltText": [Function],
  "queryByDisplayValue": [Function],
  "queryByLabelText": [Function],
  "queryByPlaceholderText": [Function],
  "queryByRole": [Function],
  "queryByTestId": [Function],
  "queryByText": [Function],
  "queryByTitle": [Function],
  "rerender": [Function],
  "unmount": [Function],
}
`;
