// Jest Snapshot v1, https://goo.gl/fbAQLP

exports[`Tests of the FavoriteDetailsComponent should display the component correctly 1`] = `
<section
  className="sc-eCApnc bWQtgS"
>
  <div
    className="sc-jSFjdj UhjyJ"
  >
    <iframe
      allowFullScreen={true}
      className="sc-gKAaRy dNRlKd"
      frameBorder="0"
      src="https://www.youtube.com/embed/HYyRZiwBWc8"
      title="test"
    />
  </div>
  <aside
    className="sc-crzoAE fkwsqm"
  >
    <div>
      <a
        href="/favorite-video/HYyRZiwBWc8"
        onClick={[Function]}
        style={
          Object {
            "color": "#000",
            "textDecoration": "none",
          }
        }
      >
        <div
          className="sc-gtsrHT iRpwMP"
        >
          <div
            className="sc-dlnjwi dIBHvn"
          >
            <img
              alt="Wizeline Guadalajara | Bringing Silicon Valley to Mexico"
              src="https://i.ytimg.com/vi/HYyRZiwBWc8/mqdefault.jpg"
              style={
                Object {
                  "width": "100%",
                }
              }
            />
          </div>
          <div
            className="sc-hKFxyN uEZHe"
          >
            <span
              className="sc-bdnxRM eNjdHH"
            >
              Wizeline Guadalajara | Bringing Silicon Valley to Mexico
            </span>
          </div>
        </div>
        <hr
          style={
            Object {
              "color": "#060B26",
              "margin": "0 auto",
              "width": "80%",
            }
          }
        />
      </a>
      <a
        href="/favorite-video/nmXMgqjQzls"
        onClick={[Function]}
        style={
          Object {
            "color": "#000",
            "textDecoration": "none",
          }
        }
      >
        <div
          className="sc-gtsrHT iRpwMP"
        >
          <div
            className="sc-dlnjwi dIBHvn"
          >
            <img
              alt="Video Tour | Welcome to Wizeline Guadalajara"
              src="https://i.ytimg.com/vi/nmXMgqjQzls/mqdefault.jpg"
              style={
                Object {
                  "width": "100%",
                }
              }
            />
          </div>
          <div
            className="sc-hKFxyN uEZHe"
          >
            <span
              className="sc-bdnxRM eNjdHH"
            >
              Video Tour | Welcome to Wizeline Guadalajara
            </span>
          </div>
        </div>
        <hr
          style={
            Object {
              "color": "#060B26",
              "margin": "0 auto",
              "width": "80%",
            }
          }
        />
      </a>
    </div>
  </aside>
</section>
`;
