// Jest Snapshot v1, https://goo.gl/fbAQLP

exports[`Tests of the VideoDetials component should display the component correctly 1`] = `
<div
  className="sc-gtsrHT cUVhqq"
>
  <div
    className="sc-dlnjwi modcc"
  >
    <iframe
      allowFullScreen={true}
      className="sc-hKFxyN bwtLFs"
      frameBorder="0"
      src="https://www.youtube.com/embed/Po3VwR_NNGk"
      title="test"
    />
  </div>
  <aside
    className="sc-jrsJWt iAFQJY"
  >
    <div
      className="recommended-video__container"
    >
      <a
        href="/video/nmXMgqjQzls"
        onClick={[Function]}
        style={
          Object {
            "color": "#000",
            "textDecoration": "none",
          }
        }
      >
        <div
          className="recommended-video__card"
        >
          <div
            className="recommended-video__card-img"
          >
            <img
              alt="Video Tour | Welcome to Wizeline Guadalajara"
              src="https://i.ytimg.com/vi/nmXMgqjQzls/mqdefault.jpg"
              style={
                Object {
                  "width": "100%",
                }
              }
            />
          </div>
          <div
            className="recommended-video__card-text"
          >
            <span
              className="sc-bdnxRM eNjdHH"
            >
              Video Tour | Welcome to Wizeline Guadalajara
            </span>
          </div>
        </div>
        <hr
          style={
            Object {
              "color": "#060B26",
              "margin": "0 auto",
              "width": "80%",
            }
          }
        />
      </a>
      <a
        href="/video/HYyRZiwBWc8"
        onClick={[Function]}
        style={
          Object {
            "color": "#000",
            "textDecoration": "none",
          }
        }
      >
        <div
          className="recommended-video__card"
        >
          <div
            className="recommended-video__card-img"
          >
            <img
              alt="Wizeline Guadalajara | Bringing Silicon Valley to Mexico"
              src="https://i.ytimg.com/vi/HYyRZiwBWc8/mqdefault.jpg"
              style={
                Object {
                  "width": "100%",
                }
              }
            />
          </div>
          <div
            className="recommended-video__card-text"
          >
            <span
              className="sc-bdnxRM eNjdHH"
            >
              Wizeline Guadalajara | Bringing Silicon Valley to Mexico
            </span>
          </div>
        </div>
        <hr
          style={
            Object {
              "color": "#060B26",
              "margin": "0 auto",
              "width": "80%",
            }
          }
        />
      </a>
    </div>
  </aside>
</div>
`;
